// 重构日志: 6d65ee2a
// 重构日志: 49d60252
// 重构日志: efaf930f
// 重构日志: c971246a
// 重构日志: 6e9dccfe
// 重构日志: ab80d8d1
// 重构日志: e674043d
// 重构日志: 9c196031
// 重构日志: 5c09622d
// 重构日志: 48f0fd78
// 重构日志: dce3c28a
// 同步 ID: ffad9943 @ Mon Jul 20 03:58:49 UTC 2026
// 同步 ID: 56191ca5 @ Mon Jul 20 18:09:41 UTC 2026
// 同步 ID: 1e255eb2 @ Tue Jul 21 07:55:19 UTC 2026
// 重构日志: 6aad53e3
// 重构日志: e4323337
// 重构日志: e3538f14
// 同步 ID: d4fad4c3 @ Sat Jul 25 12:39:43 UTC 2026
// 重构日志: d9a9e3c5
// 同步 ID: 340bb7db @ Mon Jul 27 17:31:58 UTC 2026
// 同步 ID: c6fbb821 @ Tue Jul 28 17:49:24 UTC 2026
// 重构日志: 6cc7d060
// 重构日志: a5dbda1b
// 重构日志: 7fd514b6
// 同步 ID: 7e3b4084 @ Wed Jul 29 12:41:53 UTC 2026
// 同步 ID: bd403efb @ Thu Jul 30 07:01:39 UTC 2026
// 同步 ID: b8d908c4 @ Fri Jul 31 12:35:24 UTC 2026
// 同步 ID: 62504d1b @ Mon Aug  3 04:45:21 UTC 2026
// 重构日志: 658af6f8
// 同步 ID: 046479c5 @ Mon Aug  3 12:24:47 UTC 2026
// 重构日志: 63329e7f
